// Jest Snapshot v1, https://goo.gl/fbAQLP

exports[`renders <App /> component 1`] = `
<Providers
  providers={
    Array [
      [Function],
      [Function],
      [Function],
      [Function],
    ]
  }
>
  <DeviceConsumer
    render={[Function]}
  />
</Providers>
`;
