// Jest Snapshot v1, https://goo.gl/fbAQLP

exports[`renders NoMatch for Mobile 1`] = `
<StaticRouter
  basename=""
  context={Object {}}
  location="/"
>
  <Router
    history={
      Object {
        "action": "POP",
        "block": [Function],
        "createHref": [Function],
        "go": [Function],
        "goBack": [Function],
        "goForward": [Function],
        "listen": [Function],
        "location": Object {
          "hash": "",
          "pathname": "/",
          "search": "",
          "state": undefined,
        },
        "push": [Function],
        "replace": [Function],
      }
    }
  >
    <Route
      component={[Function]}
    >
      <NoMatchMobile
        history={
          Object {
            "action": "POP",
            "block": [Function],
            "createHref": [Function],
            "go": [Function],
            "goBack": [Function],
            "goForward": [Function],
            "listen": [Function],
            "location": Object {
              "hash": "",
              "pathname": "/",
              "search": "",
              "state": undefined,
            },
            "push": [Function],
            "replace": [Function],
          }
        }
        location={
          Object {
            "hash": "",
            "pathname": "/",
            "search": "",
            "state": undefined,
          }
        }
        match={
          Object {
            "isExact": true,
            "params": Object {},
            "path": "/",
            "url": "/",
          }
        }
        staticContext={Object {}}
      >
        <div>
          <h3>
            mobile
          </h3>
          <h3>
            No match for
            <code>
              /
            </code>
          </h3>
        </div>
      </NoMatchMobile>
    </Route>
  </Router>
</StaticRouter>
`;
