// Jest Snapshot v1, https://goo.gl/fbAQLP

exports[`currency consumer render consumer with render props 1`] = `
<CurrencyConsumer
  render={[Function]}
>
  <DataContainer
    data={Array []}
    fetch={[Function]}
    loading={false}
    render={[Function]}
    selected=""
  >
    <div>
      asd
    </div>
  </DataContainer>
</CurrencyConsumer>
`;
