// Jest Snapshot v1, https://goo.gl/fbAQLP

exports[`providers renders three <Providers /> components 1`] = `
<UsersProvider
  initData={Array []}
>
  <ProjectsProvider>
    <CurrencyProvider
      initData={Array []}
    >
      <div>
        asd
      </div>
    </CurrencyProvider>
  </ProjectsProvider>
</UsersProvider>
`;
